{
  "version": "1.5.0",
  "plugins_used": [
    {
      "name": "ArtifactoryDetector"
    },
    {
      "name": "AWSKeyDetector"
    },
    {
      "name": "AzureStorageKeyDetector"
    },
    {
      "name": "Base64HighEntropyString",
      "limit": 4.5
    },
    {
      "name": "BasicAuthDetector"
    },
    {
      "name": "CloudantDetector"
    },
    {
      "name": "DiscordBotTokenDetector"
    },
    {
      "name": "GitHubTokenDetector"
    },
    {
      "name": "GitLabTokenDetector"
    },
    {
      "name": "HexHighEntropyString",
      "limit": 3.0
    },
    {
      "name": "IbmCloudIamDetector"
    },
    {
      "name": "IbmCosHmacDetector"
    },
    {
      "name": "IPPublicDetector"
    },
    {
      "name": "JwtTokenDetector"
    },
    {
      "name": "KeywordDetector",
      "keyword_exclude": ""
    },
    {
      "name": "MailchimpDetector"
    },
    {
      "name": "NpmDetector"
    },
    {
      "name": "OpenAIDetector"
    },
    {
      "name": "PrivateKeyDetector"
    },
    {
      "name": "PypiTokenDetector"
    },
    {
      "name": "SendGridDetector"
    },
    {
      "name": "SlackDetector"
    },
    {
      "name": "SoftlayerDetector"
    },
    {
      "name": "SquareOAuthDetector"
    },
    {
      "name": "StripeDetector"
    },
    {
      "name": "TelegramBotTokenDetector"
    },
    {
      "name": "TwilioKeyDetector"
    }
  ],
  "filters_used": [
    {
      "path": "detect_secrets.filters.allowlist.is_line_allowlisted"
    },
    {
      "path": "detect_secrets.filters.common.is_baseline_file",
      "filename": "D:\\Workspaces\\PycharmProjects\\home-lab\\.secrets.baseline"
    },
    {
      "path": "detect_secrets.filters.common.is_ignored_due_to_verification_policies",
      "min_level": 2
    },
    {
      "path": "detect_secrets.filters.heuristic.is_indirect_reference"
    },
    {
      "path": "detect_secrets.filters.heuristic.is_likely_id_string"
    },
    {
      "path": "detect_secrets.filters.heuristic.is_lock_file"
    },
    {
      "path": "detect_secrets.filters.heuristic.is_not_alphanumeric_string"
    },
    {
      "path": "detect_secrets.filters.heuristic.is_potential_uuid"
    },
    {
      "path": "detect_secrets.filters.heuristic.is_prefixed_with_dollar_sign"
    },
    {
      "path": "detect_secrets.filters.heuristic.is_sequential_string"
    },
    {
      "path": "detect_secrets.filters.heuristic.is_swagger_file"
    },
    {
      "path": "detect_secrets.filters.heuristic.is_templated_secret"
    },
    {
      "path": "detect_secrets.filters.regex.should_exclude_file",
      "pattern": [
        "archive/.*",
        "\\.github/workflows/.*",
        "Migrated_and_archived/.*",
        "manual-scripts/.*",
        "projects/.*/secrets/.*",
        "projects/.*/project\\.yaml$",
        "projects/.*/framework\\.lock\\.yaml$",
        "tests/.*",
        "docs/.*",
        "topology/object-modules/.*/obj\\..*\\.yaml$",
        "topology-tools/plugins/plugins\\.yaml$",
        "topology-tools/(audit-strict-runtime-entrypoints|bootstrap-project-repo|cutover-readiness-report)\\.py$",
        "ansible/group_vars/.*\\.yml\\.example$",
        "ansible/.*\\.sh$",
        "ansible/README\\.md$",
        "bootstrap/.*",
        "configs/vpn/.*",
        "docs/guides/.*",
        "secrets/.*\\.yaml$",
        "MIGRATION\\.md$",
        "\\.secrets\\.baseline$"
      ]
    }
  ],
  "results": {
    ".github\\workflows\\plugin-validation.yml": [
      {
        "type": "Secret Keyword",
        "filename": ".github\\workflows\\plugin-validation.yml",
        "hashed_secret": "3e32c33bcec9e22468895c4f9af380f70edcbbe3",
        "is_verified": false,
        "line_number": 317
      }
    ],
    "acceptance-testing\\TUC-0001-router-data-channel-mikrotik-glinet\\artifacts\\effective-2026-03-27.json": [
      {
        "type": "Hex High Entropy String",
        "filename": "acceptance-testing\\TUC-0001-router-data-channel-mikrotik-glinet\\artifacts\\effective-2026-03-27.json",
        "hashed_secret": "9b07ce9457a8c340c68c18afea0b58198601df73",
        "is_verified": false,
        "line_number": 8
      }
    ],
    "acceptance-testing\\TUC-0001-router-data-channel-mikrotik-glinet\\artifacts\\effective-topology.yaml": [
      {
        "type": "Hex High Entropy String",
        "filename": "acceptance-testing\\TUC-0001-router-data-channel-mikrotik-glinet\\artifacts\\effective-topology.yaml",
        "hashed_secret": "9b07ce9457a8c340c68c18afea0b58198601df73",
        "is_verified": false,
        "line_number": 7
      },
      {
        "type": "Secret Keyword",
        "filename": "acceptance-testing\\TUC-0001-router-data-channel-mikrotik-glinet\\artifacts\\effective-topology.yaml",
        "hashed_secret": "ecb252044b5ea0f679ee78ec1a12904739e2904d",
        "is_verified": false,
        "line_number": 1434
      },
      {
        "type": "Secret Keyword",
        "filename": "acceptance-testing\\TUC-0001-router-data-channel-mikrotik-glinet\\artifacts\\effective-topology.yaml",
        "hashed_secret": "347ead6348e936507920c15d2ae8266ac6ce9b49",
        "is_verified": false,
        "line_number": 1460
      }
    ],
    "archive\\migrated-and-archived\\archive\\bootstrap-mikrotik-legacy\\README.md": [
      {
        "type": "Secret Keyword",
        "filename": "archive\\migrated-and-archived\\archive\\bootstrap-mikrotik-legacy\\README.md",
        "hashed_secret": "923756b56e08735fe781bebe3427716920b33e0c",
        "is_verified": false,
        "line_number": 78
      }
    ],
    "archive\\migrated-and-archived\\archive\\bootstrap-mikrotik-legacy\\exported_config.rsc": [
      {
        "type": "Base64 High Entropy String",
        "filename": "archive\\migrated-and-archived\\archive\\bootstrap-mikrotik-legacy\\exported_config.rsc",
        "hashed_secret": "72479f1c869a47e0e3d73228c5476f440ba6a7e7",
        "is_verified": false,
        "line_number": 21
      },
      {
        "type": "Base64 High Entropy String",
        "filename": "archive\\migrated-and-archived\\archive\\bootstrap-mikrotik-legacy\\exported_config.rsc",
        "hashed_secret": "22215e2ed1e4d710bf6237111d8ffe322f148a0a",
        "is_verified": false,
        "line_number": 67
      }
    ],
    "archive\\migrated-and-archived\\archive\\bootstrap-mikrotik-legacy\\exported_config_safe.rsc": [
      {
        "type": "Base64 High Entropy String",
        "filename": "archive\\migrated-and-archived\\archive\\bootstrap-mikrotik-legacy\\exported_config_safe.rsc",
        "hashed_secret": "72479f1c869a47e0e3d73228c5476f440ba6a7e7",
        "is_verified": false,
        "line_number": 41
      },
      {
        "type": "Base64 High Entropy String",
        "filename": "archive\\migrated-and-archived\\archive\\bootstrap-mikrotik-legacy\\exported_config_safe.rsc",
        "hashed_secret": "22215e2ed1e4d710bf6237111d8ffe322f148a0a",
        "is_verified": false,
        "line_number": 178
      }
    ],
    "archive\\migrated-and-archived\\archive\\cleanup-2025-10-22\\bare-metal-scripts\\create-legacy-autoinstall-proxmox-usb.sh": [
      {
        "type": "Secret Keyword",
        "filename": "archive\\migrated-and-archived\\archive\\cleanup-2025-10-22\\bare-metal-scripts\\create-legacy-autoinstall-proxmox-usb.sh",
        "hashed_secret": "391f2b7f3fe853e1ea09723eeafc354fa291ab48",
        "is_verified": false,
        "line_number": 516
      }
    ],
    "archive\\migrated-and-archived\\new_system\\ansible\\README.md": [
      {
        "type": "Secret Keyword",
        "filename": "archive\\migrated-and-archived\\new_system\\ansible\\README.md",
        "hashed_secret": "33a5c3270038edc370f609b9917575b9342e3286",
        "is_verified": false,
        "line_number": 266
      }
    ],
    "archive\\migrated-and-archived\\new_system\\ansible\\group_vars\\all\\vault.yml.example": [
      {
        "type": "Secret Keyword",
        "filename": "archive\\migrated-and-archived\\new_system\\ansible\\group_vars\\all\\vault.yml.example",
        "hashed_secret": "af51a0308604c9ae574faa942460efd71ff61c0f",
        "is_verified": false,
        "line_number": 25
      },
      {
        "type": "Secret Keyword",
        "filename": "archive\\migrated-and-archived\\new_system\\ansible\\group_vars\\all\\vault.yml.example",
        "hashed_secret": "17b470a581192e9fdfeed3808d6c7cc9107794f2",
        "is_verified": false,
        "line_number": 28
      },
      {
        "type": "Secret Keyword",
        "filename": "archive\\migrated-and-archived\\new_system\\ansible\\group_vars\\all\\vault.yml.example",
        "hashed_secret": "49cececb8167da79f03f2d94a15defc1ec8f6ffd",
        "is_verified": false,
        "line_number": 35
      },
      {
        "type": "Secret Keyword",
        "filename": "archive\\migrated-and-archived\\new_system\\ansible\\group_vars\\all\\vault.yml.example",
        "hashed_secret": "9b964e4cfa432dad5823377dbff2a7c5de788d4b",
        "is_verified": false,
        "line_number": 38
      },
      {
        "type": "Secret Keyword",
        "filename": "archive\\migrated-and-archived\\new_system\\ansible\\group_vars\\all\\vault.yml.example",
        "hashed_secret": "04dfc4ef34feda42b427c1f4b07c997b7f4049ac",
        "is_verified": false,
        "line_number": 41
      },
      {
        "type": "Secret Keyword",
        "filename": "archive\\migrated-and-archived\\new_system\\ansible\\group_vars\\all\\vault.yml.example",
        "hashed_secret": "f5be63fdc6af061ec5b10028652b9837165e8c17",
        "is_verified": false,
        "line_number": 48
      },
      {
        "type": "Secret Keyword",
        "filename": "archive\\migrated-and-archived\\new_system\\ansible\\group_vars\\all\\vault.yml.example",
        "hashed_secret": "07b4b5f9837363b564c21113d96958a9a7519482",
        "is_verified": false,
        "line_number": 51
      },
      {
        "type": "Secret Keyword",
        "filename": "archive\\migrated-and-archived\\new_system\\ansible\\group_vars\\all\\vault.yml.example",
        "hashed_secret": "bed2a7344615b38589c6765a0bfe6bf2f01febe9",
        "is_verified": false,
        "line_number": 57
      },
      {
        "type": "Secret Keyword",
        "filename": "archive\\migrated-and-archived\\new_system\\ansible\\group_vars\\all\\vault.yml.example",
        "hashed_secret": "ac72ceb94a3166b2718588afe52eeb88c2b4223c",
        "is_verified": false,
        "line_number": 64
      },
      {
        "type": "Secret Keyword",
        "filename": "archive\\migrated-and-archived\\new_system\\ansible\\group_vars\\all\\vault.yml.example",
        "hashed_secret": "897ba99950f4c3e3146ab5acd1538b912784217f",
        "is_verified": false,
        "line_number": 71
      },
      {
        "type": "Secret Keyword",
        "filename": "archive\\migrated-and-archived\\new_system\\ansible\\group_vars\\all\\vault.yml.example",
        "hashed_secret": "f327420f429d3d6d095a4558b3a067dded952edd",
        "is_verified": false,
        "line_number": 74
      },
      {
        "type": "Secret Keyword",
        "filename": "archive\\migrated-and-archived\\new_system\\ansible\\group_vars\\all\\vault.yml.example",
        "hashed_secret": "118e4cfd8de4b6c5a040d6b64440090efd6b4459",
        "is_verified": false,
        "line_number": 75
      },
      {
        "type": "Private Key",
        "filename": "archive\\migrated-and-archived\\new_system\\ansible\\group_vars\\all\\vault.yml.example",
        "hashed_secret": "27c6929aef41ae2bcadac15ca6abcaff72cda9cd",
        "is_verified": false,
        "line_number": 83
      },
      {
        "type": "Secret Keyword",
        "filename": "archive\\migrated-and-archived\\new_system\\ansible\\group_vars\\all\\vault.yml.example",
        "hashed_secret": "96b6ddafc0c5759bc30a99fe985926590c8a67c3",
        "is_verified": false,
        "line_number": 92
      },
      {
        "type": "Secret Keyword",
        "filename": "archive\\migrated-and-archived\\new_system\\ansible\\group_vars\\all\\vault.yml.example",
        "hashed_secret": "9668727f9ffe0d72c018077f8a86858e0455ef17",
        "is_verified": false,
        "line_number": 95
      },
      {
        "type": "Secret Keyword",
        "filename": "archive\\migrated-and-archived\\new_system\\ansible\\group_vars\\all\\vault.yml.example",
        "hashed_secret": "0241eb02479f3d591d9f00c8f3878ac64653a8be",
        "is_verified": false,
        "line_number": 103
      },
      {
        "type": "Secret Keyword",
        "filename": "archive\\migrated-and-archived\\new_system\\ansible\\group_vars\\all\\vault.yml.example",
        "hashed_secret": "826c8c1b23a7abaf8131c75c6c3f1cf94fa499d9",
        "is_verified": false,
        "line_number": 115
      },
      {
        "type": "Private Key",
        "filename": "archive\\migrated-and-archived\\new_system\\ansible\\group_vars\\all\\vault.yml.example",
        "hashed_secret": "1348b145fa1a555461c1b790a2f66614781091e9",
        "is_verified": false,
        "line_number": 126
      }
    ],
    "archive\\migrated-and-archived\\new_system\\ansible\\vault-helper.sh": [
      {
        "type": "Secret Keyword",
        "filename": "archive\\migrated-and-archived\\new_system\\ansible\\vault-helper.sh",
        "hashed_secret": "54053db99b49b4cc046f7b4854a80de3d6dfae71",
        "is_verified": false,
        "line_number": 114
      }
    ],
    "archive\\migrated-and-archived\\new_system\\bare-metal\\create-uefi-autoinstall-proxmox-usb.sh": [
      {
        "type": "Secret Keyword",
        "filename": "archive\\migrated-and-archived\\new_system\\bare-metal\\create-uefi-autoinstall-proxmox-usb.sh",
        "hashed_secret": "391f2b7f3fe853e1ea09723eeafc354fa291ab48",
        "is_verified": false,
        "line_number": 1395
      }
    ],
    "archive\\migrated-and-archived\\new_system\\bootstrap\\mikrotik\\README.md": [
      {
        "type": "Secret Keyword",
        "filename": "archive\\migrated-and-archived\\new_system\\bootstrap\\mikrotik\\README.md",
        "hashed_secret": "c35bdb821a941808a150db95d0f934f449bbff17",
        "is_verified": false,
        "line_number": 81
      }
    ],
    "archive\\migrated-and-archived\\new_system\\docs\\guides\\ANSIBLE-VAULT-GUIDE.md": [
      {
        "type": "Secret Keyword",
        "filename": "archive\\migrated-and-archived\\new_system\\docs\\guides\\ANSIBLE-VAULT-GUIDE.md",
        "hashed_secret": "b60d121b438a380c343d5ec3c2037564b82ffef3",
        "is_verified": false,
        "line_number": 264
      },
      {
        "type": "Secret Keyword",
        "filename": "archive\\migrated-and-archived\\new_system\\docs\\guides\\ANSIBLE-VAULT-GUIDE.md",
        "hashed_secret": "e3de258032685ca3a157e704090921039ff7f0b3",
        "is_verified": false,
        "line_number": 281
      }
    ],
    "archive\\migrated-and-archived\\new_system\\docs\\guides\\MIKROTIK-TERRAFORM.md": [
      {
        "type": "Secret Keyword",
        "filename": "archive\\migrated-and-archived\\new_system\\docs\\guides\\MIKROTIK-TERRAFORM.md",
        "hashed_secret": "c35bdb821a941808a150db95d0f934f449bbff17",
        "is_verified": false,
        "line_number": 111
      },
      {
        "type": "Secret Keyword",
        "filename": "archive\\migrated-and-archived\\new_system\\docs\\guides\\MIKROTIK-TERRAFORM.md",
        "hashed_secret": "41dd51aeb67c2093dedf46b01b036b073fb1c089",
        "is_verified": false,
        "line_number": 115
      }
    ],
    "archive\\migrated-and-archived\\new_system\\docs\\guides\\PROXMOX-USB-AUTOINSTALL.md": [
      {
        "type": "Secret Keyword",
        "filename": "archive\\migrated-and-archived\\new_system\\docs\\guides\\PROXMOX-USB-AUTOINSTALL.md",
        "hashed_secret": "eedc206868c1aa24876159508b3096404c1b5acf",
        "is_verified": false,
        "line_number": 257
      }
    ],
    "archive\\migrated-and-archived\\new_system_legacy\\scripts\\generate-terraform-mikrotik.py": [
      {
        "type": "Secret Keyword",
        "filename": "archive\\migrated-and-archived\\new_system_legacy\\scripts\\generate-terraform-mikrotik.py",
        "hashed_secret": "e54aa9667f83da4b74145182b2fffb8ab8b5a1f1",
        "is_verified": false,
        "line_number": 375
      }
    ],
    "archive\\migrated-and-archived\\old_system\\proxmox\\install\\PROXMOX-UNATTENDED-INSTALL.md": [
      {
        "type": "Secret Keyword",
        "filename": "archive\\migrated-and-archived\\old_system\\proxmox\\install\\PROXMOX-UNATTENDED-INSTALL.md",
        "hashed_secret": "2f5f02d43847d17e0ff33881a99a55bb17ea57d0",
        "is_verified": false,
        "line_number": 60
      }
    ],
    "archive\\migrated-and-archived\\old_system\\proxmox\\install\\answer.toml": [
      {
        "type": "Secret Keyword",
        "filename": "archive\\migrated-and-archived\\old_system\\proxmox\\install\\answer.toml",
        "hashed_secret": "479c769f19b0ef24202a68e458715da1e4e81213",
        "is_verified": false,
        "line_number": 22
      }
    ],
    "archive\\migrated-and-archived\\old_system\\proxmox\\scripts\\services\\deploy-docker.sh": [
      {
        "type": "Secret Keyword",
        "filename": "archive\\migrated-and-archived\\old_system\\proxmox\\scripts\\services\\deploy-docker.sh",
        "hashed_secret": "479c769f19b0ef24202a68e458715da1e4e81213",
        "is_verified": false,
        "line_number": 13
      }
    ],
    "archive\\migrated-and-archived\\old_system\\proxmox\\scripts\\services\\deploy-postgresql.sh": [
      {
        "type": "Secret Keyword",
        "filename": "archive\\migrated-and-archived\\old_system\\proxmox\\scripts\\services\\deploy-postgresql.sh",
        "hashed_secret": "479c769f19b0ef24202a68e458715da1e4e81213",
        "is_verified": false,
        "line_number": 16
      },
      {
        "type": "Secret Keyword",
        "filename": "archive\\migrated-and-archived\\old_system\\proxmox\\scripts\\services\\deploy-postgresql.sh",
        "hashed_secret": "e727d1464ae12436e899a726da5b2f11d8381b26",
        "is_verified": false,
        "line_number": 113
      }
    ],
    "archive\\migrated-and-archived\\old_system\\proxmox\\scripts\\services\\deploy-redis.sh": [
      {
        "type": "Secret Keyword",
        "filename": "archive\\migrated-and-archived\\old_system\\proxmox\\scripts\\services\\deploy-redis.sh",
        "hashed_secret": "479c769f19b0ef24202a68e458715da1e4e81213",
        "is_verified": false,
        "line_number": 13
      }
    ],
    "archive\\migrated-and-archived\\old_system\\vpn-servers\\oracle-cloud\\oracle-cloud-wireguard.conf": [
      {
        "type": "Secret Keyword",
        "filename": "archive\\migrated-and-archived\\old_system\\vpn-servers\\oracle-cloud\\oracle-cloud-wireguard.conf",
        "hashed_secret": "ed7185780d57f68ec79cdd071f528fe789c660c8",
        "is_verified": false,
        "line_number": 14
      }
    ],
    "archive\\v4\\ansible\\README.md": [
      {
        "type": "Secret Keyword",
        "filename": "archive\\v4\\ansible\\README.md",
        "hashed_secret": "33a5c3270038edc370f609b9917575b9342e3286",
        "is_verified": false,
        "line_number": 263
      }
    ],
    "archive\\v4\\ansible\\group_vars\\all\\vault.yml.example": [
      {
        "type": "Secret Keyword",
        "filename": "archive\\v4\\ansible\\group_vars\\all\\vault.yml.example",
        "hashed_secret": "af51a0308604c9ae574faa942460efd71ff61c0f",
        "is_verified": false,
        "line_number": 25
      },
      {
        "type": "Secret Keyword",
        "filename": "archive\\v4\\ansible\\group_vars\\all\\vault.yml.example",
        "hashed_secret": "17b470a581192e9fdfeed3808d6c7cc9107794f2",
        "is_verified": false,
        "line_number": 28
      },
      {
        "type": "Secret Keyword",
        "filename": "archive\\v4\\ansible\\group_vars\\all\\vault.yml.example",
        "hashed_secret": "49cececb8167da79f03f2d94a15defc1ec8f6ffd",
        "is_verified": false,
        "line_number": 35
      },
      {
        "type": "Secret Keyword",
        "filename": "archive\\v4\\ansible\\group_vars\\all\\vault.yml.example",
        "hashed_secret": "9b964e4cfa432dad5823377dbff2a7c5de788d4b",
        "is_verified": false,
        "line_number": 38
      },
      {
        "type": "Secret Keyword",
        "filename": "archive\\v4\\ansible\\group_vars\\all\\vault.yml.example",
        "hashed_secret": "04dfc4ef34feda42b427c1f4b07c997b7f4049ac",
        "is_verified": false,
        "line_number": 41
      },
      {
        "type": "Secret Keyword",
        "filename": "archive\\v4\\ansible\\group_vars\\all\\vault.yml.example",
        "hashed_secret": "f5be63fdc6af061ec5b10028652b9837165e8c17",
        "is_verified": false,
        "line_number": 48
      },
      {
        "type": "Secret Keyword",
        "filename": "archive\\v4\\ansible\\group_vars\\all\\vault.yml.example",
        "hashed_secret": "07b4b5f9837363b564c21113d96958a9a7519482",
        "is_verified": false,
        "line_number": 51
      },
      {
        "type": "Secret Keyword",
        "filename": "archive\\v4\\ansible\\group_vars\\all\\vault.yml.example",
        "hashed_secret": "bed2a7344615b38589c6765a0bfe6bf2f01febe9",
        "is_verified": false,
        "line_number": 57
      },
      {
        "type": "Secret Keyword",
        "filename": "archive\\v4\\ansible\\group_vars\\all\\vault.yml.example",
        "hashed_secret": "ac72ceb94a3166b2718588afe52eeb88c2b4223c",
        "is_verified": false,
        "line_number": 64
      },
      {
        "type": "Secret Keyword",
        "filename": "archive\\v4\\ansible\\group_vars\\all\\vault.yml.example",
        "hashed_secret": "897ba99950f4c3e3146ab5acd1538b912784217f",
        "is_verified": false,
        "line_number": 71
      },
      {
        "type": "Secret Keyword",
        "filename": "archive\\v4\\ansible\\group_vars\\all\\vault.yml.example",
        "hashed_secret": "f327420f429d3d6d095a4558b3a067dded952edd",
        "is_verified": false,
        "line_number": 74
      },
      {
        "type": "Secret Keyword",
        "filename": "archive\\v4\\ansible\\group_vars\\all\\vault.yml.example",
        "hashed_secret": "118e4cfd8de4b6c5a040d6b64440090efd6b4459",
        "is_verified": false,
        "line_number": 75
      },
      {
        "type": "Private Key",
        "filename": "archive\\v4\\ansible\\group_vars\\all\\vault.yml.example",
        "hashed_secret": "27c6929aef41ae2bcadac15ca6abcaff72cda9cd",
        "is_verified": false,
        "line_number": 83
      },
      {
        "type": "Secret Keyword",
        "filename": "archive\\v4\\ansible\\group_vars\\all\\vault.yml.example",
        "hashed_secret": "96b6ddafc0c5759bc30a99fe985926590c8a67c3",
        "is_verified": false,
        "line_number": 92
      },
      {
        "type": "Secret Keyword",
        "filename": "archive\\v4\\ansible\\group_vars\\all\\vault.yml.example",
        "hashed_secret": "9668727f9ffe0d72c018077f8a86858e0455ef17",
        "is_verified": false,
        "line_number": 95
      },
      {
        "type": "Secret Keyword",
        "filename": "archive\\v4\\ansible\\group_vars\\all\\vault.yml.example",
        "hashed_secret": "0241eb02479f3d591d9f00c8f3878ac64653a8be",
        "is_verified": false,
        "line_number": 103
      },
      {
        "type": "Secret Keyword",
        "filename": "archive\\v4\\ansible\\group_vars\\all\\vault.yml.example",
        "hashed_secret": "826c8c1b23a7abaf8131c75c6c3f1cf94fa499d9",
        "is_verified": false,
        "line_number": 115
      },
      {
        "type": "Private Key",
        "filename": "archive\\v4\\ansible\\group_vars\\all\\vault.yml.example",
        "hashed_secret": "1348b145fa1a555461c1b790a2f66614781091e9",
        "is_verified": false,
        "line_number": 126
      }
    ],
    "archive\\v4\\ansible\\inventory-overrides\\production\\group_vars\\all-secrets.yml.example": [
      {
        "type": "Secret Keyword",
        "filename": "archive\\v4\\ansible\\inventory-overrides\\production\\group_vars\\all-secrets.yml.example",
        "hashed_secret": "809c1451ea1c70c4025540c6469d81cc5e9d6c62",
        "is_verified": false,
        "line_number": 27
      }
    ],
    "archive\\v4\\ansible\\vault-helper.sh": [
      {
        "type": "Secret Keyword",
        "filename": "archive\\v4\\ansible\\vault-helper.sh",
        "hashed_secret": "54053db99b49b4cc046f7b4854a80de3d6dfae71",
        "is_verified": false,
        "line_number": 114
      }
    ],
    "archive\\v4\\manual-scripts\\bare-metal\\create-uefi-autoinstall-proxmox-usb.sh": [
      {
        "type": "Secret Keyword",
        "filename": "archive\\v4\\manual-scripts\\bare-metal\\create-uefi-autoinstall-proxmox-usb.sh",
        "hashed_secret": "391f2b7f3fe853e1ea09723eeafc354fa291ab48",
        "is_verified": false,
        "line_number": 1395
      }
    ],
    "archive\\v4\\manual-scripts\\claude-logger.py": [
      {
        "type": "Secret Keyword",
        "filename": "archive\\v4\\manual-scripts\\claude-logger.py",
        "hashed_secret": "6d9c68c603e465077bdd49c62347fe54717f83a3",
        "is_verified": false,
        "line_number": 37
      }
    ],
    "archive\\v4\\topology-tools\\fixtures\\legacy-only\\topology\\L7-operations.yaml": [
      {
        "type": "Secret Keyword",
        "filename": "archive\\v4\\topology-tools\\fixtures\\legacy-only\\topology\\L7-operations.yaml",
        "hashed_secret": "7cb6efb98ba5972a9b5090dc2e517fe14d12cb04",
        "is_verified": false,
        "line_number": 133
      }
    ],
    "archive\\v4\\topology-tools\\fixtures\\mixed\\topology\\L7-operations.yaml": [
      {
        "type": "Secret Keyword",
        "filename": "archive\\v4\\topology-tools\\fixtures\\mixed\\topology\\L7-operations.yaml",
        "hashed_secret": "7cb6efb98ba5972a9b5090dc2e517fe14d12cb04",
        "is_verified": false,
        "line_number": 133
      }
    ],
    "archive\\v4\\topology-tools\\fixtures\\new-only\\topology\\L7-operations.yaml": [
      {
        "type": "Secret Keyword",
        "filename": "archive\\v4\\topology-tools\\fixtures\\new-only\\topology\\L7-operations.yaml",
        "hashed_secret": "7cb6efb98ba5972a9b5090dc2e517fe14d12cb04",
        "is_verified": false,
        "line_number": 133
      }
    ],
    "configs\\vpn\\oracle-cloud\\oracle-cloud-wireguard.conf": [
      {
        "type": "Secret Keyword",
        "filename": "configs\\vpn\\oracle-cloud\\oracle-cloud-wireguard.conf",
        "hashed_secret": "ed7185780d57f68ec79cdd071f528fe789c660c8",
        "is_verified": false,
        "line_number": 14
      }
    ],
    "docs\\archive\\v5-superseded\\ANSIBLE-VAULT-GUIDE.md": [
      {
        "type": "Secret Keyword",
        "filename": "docs\\archive\\v5-superseded\\ANSIBLE-VAULT-GUIDE.md",
        "hashed_secret": "b60d121b438a380c343d5ec3c2037564b82ffef3",
        "is_verified": false,
        "line_number": 264
      },
      {
        "type": "Secret Keyword",
        "filename": "docs\\archive\\v5-superseded\\ANSIBLE-VAULT-GUIDE.md",
        "hashed_secret": "e3de258032685ca3a157e704090921039ff7f0b3",
        "is_verified": false,
        "line_number": 281
      }
    ],
    "docs\\framework\\templates\\project-validate.yml": [
      {
        "type": "Base64 High Entropy String",
        "filename": "docs\\framework\\templates\\project-validate.yml",
        "hashed_secret": "aba8d2bc216a5456dd8a29532ebb7ec6e9303cd5",
        "is_verified": false,
        "line_number": 27
      }
    ],
    "docs\\guides\\MIKROTIK-TERRAFORM.md": [
      {
        "type": "Secret Keyword",
        "filename": "docs\\guides\\MIKROTIK-TERRAFORM.md",
        "hashed_secret": "c35bdb821a941808a150db95d0f934f449bbff17",
        "is_verified": false,
        "line_number": 151
      },
      {
        "type": "Secret Keyword",
        "filename": "docs\\guides\\MIKROTIK-TERRAFORM.md",
        "hashed_secret": "41dd51aeb67c2093dedf46b01b036b073fb1c089",
        "is_verified": false,
        "line_number": 155
      }
    ],
    "docs\\guides\\PROXMOX-USB-AUTOINSTALL.md": [
      {
        "type": "Secret Keyword",
        "filename": "docs\\guides\\PROXMOX-USB-AUTOINSTALL.md",
        "hashed_secret": "eedc206868c1aa24876159508b3096404c1b5acf",
        "is_verified": false,
        "line_number": 267
      }
    ],
    "docs\\runbooks\\V5-E2E-DRY-RUN.md": [
      {
        "type": "Secret Keyword",
        "filename": "docs\\runbooks\\V5-E2E-DRY-RUN.md",
        "hashed_secret": "9701020516dc3a723b89188d856f0666af402e16",
        "is_verified": false,
        "line_number": 35
      }
    ],
    "projects\\home-lab\\ansible\\group_vars\\all\\vault.example.yml": [
      {
        "type": "Secret Keyword",
        "filename": "projects\\home-lab\\ansible\\group_vars\\all\\vault.example.yml",
        "hashed_secret": "b58baab053f353408d974b510077815d1544b812",
        "is_verified": false,
        "line_number": 4
      },
      {
        "type": "Secret Keyword",
        "filename": "projects\\home-lab\\ansible\\group_vars\\all\\vault.example.yml",
        "hashed_secret": "67182de24b44bd0811eb52db31f05dbea5f9f369",
        "is_verified": false,
        "line_number": 5
      },
      {
        "type": "Secret Keyword",
        "filename": "projects\\home-lab\\ansible\\group_vars\\all\\vault.example.yml",
        "hashed_secret": "c9cbec359387198e4f55ef591bdd03639bbf6b89",
        "is_verified": false,
        "line_number": 6
      },
      {
        "type": "Secret Keyword",
        "filename": "projects\\home-lab\\ansible\\group_vars\\all\\vault.example.yml",
        "hashed_secret": "f7889fc3ed7004da955f93bdbed1fb5474216d90",
        "is_verified": false,
        "line_number": 7
      },
      {
        "type": "Secret Keyword",
        "filename": "projects\\home-lab\\ansible\\group_vars\\all\\vault.example.yml",
        "hashed_secret": "b127430923a8d186e01c7abcce1d7b6c33ad550c",
        "is_verified": false,
        "line_number": 8
      }
    ],
    "projects\\home-lab\\ansible\\roles\\monitoring_stack\\defaults\\main.yml": [
      {
        "type": "Secret Keyword",
        "filename": "projects\\home-lab\\ansible\\roles\\monitoring_stack\\defaults\\main.yml",
        "hashed_secret": "ad0d161c82a0ef3af724b822a6287be367125ac5",
        "is_verified": false,
        "line_number": 19
      }
    ],
    "projects\\home-lab\\ansible\\roles\\nextcloud\\defaults\\main.yml": [
      {
        "type": "Secret Keyword",
        "filename": "projects\\home-lab\\ansible\\roles\\nextcloud\\defaults\\main.yml",
        "hashed_secret": "f7889fc3ed7004da955f93bdbed1fb5474216d90",
        "is_verified": false,
        "line_number": 56
      },
      {
        "type": "Secret Keyword",
        "filename": "projects\\home-lab\\ansible\\roles\\nextcloud\\defaults\\main.yml",
        "hashed_secret": "b127430923a8d186e01c7abcce1d7b6c33ad550c",
        "is_verified": false,
        "line_number": 57
      }
    ],
    "projects\\home-lab\\ansible\\roles\\postgresql\\defaults\\main.yml": [
      {
        "type": "Secret Keyword",
        "filename": "projects\\home-lab\\ansible\\roles\\postgresql\\defaults\\main.yml",
        "hashed_secret": "67182de24b44bd0811eb52db31f05dbea5f9f369",
        "is_verified": false,
        "line_number": 55
      }
    ],
    "projects\\home-lab\\ansible\\roles\\redis\\defaults\\main.yml": [
      {
        "type": "Secret Keyword",
        "filename": "projects\\home-lab\\ansible\\roles\\redis\\defaults\\main.yml",
        "hashed_secret": "c9cbec359387198e4f55ef591bdd03639bbf6b89",
        "is_verified": false,
        "line_number": 16
      }
    ],
    "projects\\home-lab\\framework.lock.yaml": [
      {
        "type": "Hex High Entropy String",
        "filename": "projects\\home-lab\\framework.lock.yaml",
        "hashed_secret": "2ecc9498822793182d9ba2fc35e12434f90681d0",
        "is_verified": false,
        "line_number": 9
      }
    ],
    "projects\\home-lab\\project.yaml": [
      {
        "type": "Secret Keyword",
        "filename": "projects\\home-lab\\project.yaml",
        "hashed_secret": "fe86558143c0bd528f649a153bdc32b8fa90301c",
        "is_verified": false,
        "line_number": 8
      }
    ],
    "projects\\home-lab\\secrets\\ansible\\vault.yaml": [
      {
        "type": "Secret Keyword",
        "filename": "projects\\home-lab\\secrets\\ansible\\vault.yaml",
        "hashed_secret": "7344abf68d9f96c1fb97c65f65fd41af99363518",
        "is_verified": false,
        "line_number": 2
      },
      {
        "type": "Secret Keyword",
        "filename": "projects\\home-lab\\secrets\\ansible\\vault.yaml",
        "hashed_secret": "bcdea8a835a5564916849b53c10f88ca784190d7",
        "is_verified": false,
        "line_number": 3
      },
      {
        "type": "Secret Keyword",
        "filename": "projects\\home-lab\\secrets\\ansible\\vault.yaml",
        "hashed_secret": "ae394f3a6730302d0c6186c3a14132e67b9d73ac",
        "is_verified": false,
        "line_number": 4
      },
      {
        "type": "Base64 High Entropy String",
        "filename": "projects\\home-lab\\secrets\\ansible\\vault.yaml",
        "hashed_secret": "cbd03021c924554aa1e0afa7b986260c113c3e2c",
        "is_verified": false,
        "line_number": 7
      },
      {
        "type": "Base64 High Entropy String",
        "filename": "projects\\home-lab\\secrets\\ansible\\vault.yaml",
        "hashed_secret": "1d5b3d0af70d29f261aefb9c88e8e911addd9dcf",
        "is_verified": false,
        "line_number": 16
      }
    ],
    "projects\\home-lab\\secrets\\bootstrap\\rtr-mikrotik.chateau.yaml": [
      {
        "type": "Secret Keyword",
        "filename": "projects\\home-lab\\secrets\\bootstrap\\rtr-mikrotik.chateau.yaml",
        "hashed_secret": "60e0591820f21d0ea7dc175256ca7a1381ec1348",
        "is_verified": false,
        "line_number": 4
      },
      {
        "type": "Base64 High Entropy String",
        "filename": "projects\\home-lab\\secrets\\bootstrap\\rtr-mikrotik.chateau.yaml",
        "hashed_secret": "cbd03021c924554aa1e0afa7b986260c113c3e2c",
        "is_verified": false,
        "line_number": 9
      },
      {
        "type": "Base64 High Entropy String",
        "filename": "projects\\home-lab\\secrets\\bootstrap\\rtr-mikrotik.chateau.yaml",
        "hashed_secret": "1d5b3d0af70d29f261aefb9c88e8e911addd9dcf",
        "is_verified": false,
        "line_number": 18
      }
    ],
    "projects\\home-lab\\secrets\\instances\\rtr-mikrotik-chateau.yaml": [
      {
        "type": "Base64 High Entropy String",
        "filename": "projects\\home-lab\\secrets\\instances\\rtr-mikrotik-chateau.yaml",
        "hashed_secret": "cbd03021c924554aa1e0afa7b986260c113c3e2c",
        "is_verified": false,
        "line_number": 15
      },
      {
        "type": "Base64 High Entropy String",
        "filename": "projects\\home-lab\\secrets\\instances\\rtr-mikrotik-chateau.yaml",
        "hashed_secret": "1d5b3d0af70d29f261aefb9c88e8e911addd9dcf",
        "is_verified": false,
        "line_number": 24
      }
    ],
    "projects\\home-lab\\secrets\\instances\\rtr-slate.yaml": [
      {
        "type": "Base64 High Entropy String",
        "filename": "projects\\home-lab\\secrets\\instances\\rtr-slate.yaml",
        "hashed_secret": "cbd03021c924554aa1e0afa7b986260c113c3e2c",
        "is_verified": false,
        "line_number": 12
      },
      {
        "type": "Base64 High Entropy String",
        "filename": "projects\\home-lab\\secrets\\instances\\rtr-slate.yaml",
        "hashed_secret": "1d5b3d0af70d29f261aefb9c88e8e911addd9dcf",
        "is_verified": false,
        "line_number": 21
      }
    ],
    "projects\\home-lab\\secrets\\instances\\srv-gamayun.yaml": [
      {
        "type": "Base64 High Entropy String",
        "filename": "projects\\home-lab\\secrets\\instances\\srv-gamayun.yaml",
        "hashed_secret": "cbd03021c924554aa1e0afa7b986260c113c3e2c",
        "is_verified": false,
        "line_number": 8
      },
      {
        "type": "Base64 High Entropy String",
        "filename": "projects\\home-lab\\secrets\\instances\\srv-gamayun.yaml",
        "hashed_secret": "1d5b3d0af70d29f261aefb9c88e8e911addd9dcf",
        "is_verified": false,
        "line_number": 17
      }
    ],
    "projects\\home-lab\\secrets\\instances\\srv-orangepi5.yaml": [
      {
        "type": "Base64 High Entropy String",
        "filename": "projects\\home-lab\\secrets\\instances\\srv-orangepi5.yaml",
        "hashed_secret": "cbd03021c924554aa1e0afa7b986260c113c3e2c",
        "is_verified": false,
        "line_number": 8
      },
      {
        "type": "Base64 High Entropy String",
        "filename": "projects\\home-lab\\secrets\\instances\\srv-orangepi5.yaml",
        "hashed_secret": "1d5b3d0af70d29f261aefb9c88e8e911addd9dcf",
        "is_verified": false,
        "line_number": 17
      }
    ],
    "projects\\home-lab\\secrets\\terraform\\mikrotik.yaml": [
      {
        "type": "Secret Keyword",
        "filename": "projects\\home-lab\\secrets\\terraform\\mikrotik.yaml",
        "hashed_secret": "233c132b04d83348b7d3d6a6ae62b7840d7b31d9",
        "is_verified": false,
        "line_number": 4
      },
      {
        "type": "Base64 High Entropy String",
        "filename": "projects\\home-lab\\secrets\\terraform\\mikrotik.yaml",
        "hashed_secret": "cbd03021c924554aa1e0afa7b986260c113c3e2c",
        "is_verified": false,
        "line_number": 14
      },
      {
        "type": "Base64 High Entropy String",
        "filename": "projects\\home-lab\\secrets\\terraform\\mikrotik.yaml",
        "hashed_secret": "1d5b3d0af70d29f261aefb9c88e8e911addd9dcf",
        "is_verified": false,
        "line_number": 23
      }
    ],
    "projects\\home-lab\\secrets\\terraform\\proxmox.yaml": [
      {
        "type": "Base64 High Entropy String",
        "filename": "projects\\home-lab\\secrets\\terraform\\proxmox.yaml",
        "hashed_secret": "cbd03021c924554aa1e0afa7b986260c113c3e2c",
        "is_verified": false,
        "line_number": 10
      },
      {
        "type": "Base64 High Entropy String",
        "filename": "projects\\home-lab\\secrets\\terraform\\proxmox.yaml",
        "hashed_secret": "1d5b3d0af70d29f261aefb9c88e8e911addd9dcf",
        "is_verified": false,
        "line_number": 19
      }
    ],
    "taskfiles\\build.yml": [
      {
        "type": "Secret Keyword",
        "filename": "taskfiles\\build.yml",
        "hashed_secret": "e227619fce45f5d93825381114934e373471283d",
        "is_verified": false,
        "line_number": 17
      }
    ],
    "taskfiles\\validate.yml": [
      {
        "type": "Secret Keyword",
        "filename": "taskfiles\\validate.yml",
        "hashed_secret": "e227619fce45f5d93825381114934e373471283d",
        "is_verified": false,
        "line_number": 57
      }
    ],
    "tests\\orchestration\\test_init_node.py": [
      {
        "type": "Secret Keyword",
        "filename": "tests\\orchestration\\test_init_node.py",
        "hashed_secret": "1a91d62f7ca67399625a4368a6ab5d4a3baa6073",
        "is_verified": false,
        "line_number": 556
      }
    ],
    "tests\\orchestration\\test_profile.py": [
      {
        "type": "Secret Keyword",
        "filename": "tests\\orchestration\\test_profile.py",
        "hashed_secret": "fe86558143c0bd528f649a153bdc32b8fa90301c",
        "is_verified": false,
        "line_number": 44
      }
    ],
    "tests\\plugin_contract\\test_instance_source_loading.py": [
      {
        "type": "Secret Keyword",
        "filename": "tests\\plugin_contract\\test_instance_source_loading.py",
        "hashed_secret": "fe86558143c0bd528f649a153bdc32b8fa90301c",
        "is_verified": false,
        "line_number": 61
      }
    ],
    "tests\\plugin_integration\\test_ansible_runtime_assembly.py": [
      {
        "type": "Secret Keyword",
        "filename": "tests\\plugin_integration\\test_ansible_runtime_assembly.py",
        "hashed_secret": "3eba14811ca877bb5a529a7e8ff7be21ff2ce1ab",
        "is_verified": false,
        "line_number": 68
      },
      {
        "type": "Secret Keyword",
        "filename": "tests\\plugin_integration\\test_ansible_runtime_assembly.py",
        "hashed_secret": "c3499c2729730a7f807efb8676a92dcb6f8a3f8f",
        "is_verified": false,
        "line_number": 103
      },
      {
        "type": "Secret Keyword",
        "filename": "tests\\plugin_integration\\test_ansible_runtime_assembly.py",
        "hashed_secret": "04a963d9980f19119d967d50afff9f2b2a203b1d",
        "is_verified": false,
        "line_number": 272
      }
    ],
    "tests\\plugin_integration\\test_assemble_build_plugins.py": [
      {
        "type": "AWS Access Key",
        "filename": "tests\\plugin_integration\\test_assemble_build_plugins.py",
        "hashed_secret": "1d5bc0e7232d07b336f4d35db4c0200142962f4a",
        "is_verified": false,
        "line_number": 144
      },
      {
        "type": "Base64 High Entropy String",
        "filename": "tests\\plugin_integration\\test_assemble_build_plugins.py",
        "hashed_secret": "beb68bdd4af45bd8819ce3ec4283c3d234b915ba",
        "is_verified": false,
        "line_number": 144
      }
    ],
    "tests\\plugin_integration\\test_framework_compatibility_matrix.py": [
      {
        "type": "Secret Keyword",
        "filename": "tests\\plugin_integration\\test_framework_compatibility_matrix.py",
        "hashed_secret": "fe86558143c0bd528f649a153bdc32b8fa90301c",
        "is_verified": false,
        "line_number": 73
      }
    ],
    "tests\\plugin_integration\\test_framework_lock.py": [
      {
        "type": "Secret Keyword",
        "filename": "tests\\plugin_integration\\test_framework_lock.py",
        "hashed_secret": "fe86558143c0bd528f649a153bdc32b8fa90301c",
        "is_verified": false,
        "line_number": 105
      }
    ],
    "tests\\plugin_integration\\test_framework_rollback_rehearsal.py": [
      {
        "type": "Secret Keyword",
        "filename": "tests\\plugin_integration\\test_framework_rollback_rehearsal.py",
        "hashed_secret": "fe86558143c0bd528f649a153bdc32b8fa90301c",
        "is_verified": false,
        "line_number": 73
      }
    ],
    "tests\\plugin_integration\\test_generate_tfvars_script.py": [
      {
        "type": "Secret Keyword",
        "filename": "tests\\plugin_integration\\test_generate_tfvars_script.py",
        "hashed_secret": "e5e9fa1ba31ecd1ae84f75caaa474f3a663f05f4",
        "is_verified": false,
        "line_number": 74
      },
      {
        "type": "Secret Keyword",
        "filename": "tests\\plugin_integration\\test_generate_tfvars_script.py",
        "hashed_secret": "5c80909d25f3de26c747783c86ed8ae572c05ee1",
        "is_verified": false,
        "line_number": 78
      },
      {
        "type": "Secret Keyword",
        "filename": "tests\\plugin_integration\\test_generate_tfvars_script.py",
        "hashed_secret": "2d533b9d9f0f06ef4e3c23fd496cfeb2780eda7f",
        "is_verified": false,
        "line_number": 89
      },
      {
        "type": "Secret Keyword",
        "filename": "tests\\plugin_integration\\test_generate_tfvars_script.py",
        "hashed_secret": "d82b82721a39998cbaa0e98b59821b91f350c52e",
        "is_verified": false,
        "line_number": 90
      }
    ],
    "tests\\plugin_integration\\test_instance_rows_compiler.py": [
      {
        "type": "Secret Keyword",
        "filename": "tests\\plugin_integration\\test_instance_rows_compiler.py",
        "hashed_secret": "e227619fce45f5d93825381114934e373471283d",
        "is_verified": false,
        "line_number": 83
      },
      {
        "type": "Secret Keyword",
        "filename": "tests\\plugin_integration\\test_instance_rows_compiler.py",
        "hashed_secret": "0fe97090ee1dcaaf61351277e6f410255b139350",
        "is_verified": false,
        "line_number": 84
      },
      {
        "type": "Secret Keyword",
        "filename": "tests\\plugin_integration\\test_instance_rows_compiler.py",
        "hashed_secret": "9701020516dc3a723b89188d856f0666af402e16",
        "is_verified": false,
        "line_number": 124
      },
      {
        "type": "Secret Keyword",
        "filename": "tests\\plugin_integration\\test_instance_rows_compiler.py",
        "hashed_secret": "41eaab877ca3a0e3aa14f5a4b7981f590e3c2bd6",
        "is_verified": false,
        "line_number": 160
      },
      {
        "type": "Secret Keyword",
        "filename": "tests\\plugin_integration\\test_instance_rows_compiler.py",
        "hashed_secret": "d8fa7478ae0c2a34093fe07940503962e4e99e7e",
        "is_verified": false,
        "line_number": 424
      }
    ],
    "tests\\test_deploy_workspace.py": [
      {
        "type": "Secret Keyword",
        "filename": "tests\\test_deploy_workspace.py",
        "hashed_secret": "fe86558143c0bd528f649a153bdc32b8fa90301c",
        "is_verified": false,
        "line_number": 52
      }
    ],
    "tests\\test_service_chain_evidence_plan.py": [
      {
        "type": "Secret Keyword",
        "filename": "tests\\test_service_chain_evidence_plan.py",
        "hashed_secret": "fe86558143c0bd528f649a153bdc32b8fa90301c",
        "is_verified": false,
        "line_number": 255
      }
    ],
    "tests\\test_validate_v5_scaffold.py": [
      {
        "type": "Secret Keyword",
        "filename": "tests\\test_validate_v5_scaffold.py",
        "hashed_secret": "fe86558143c0bd528f649a153bdc32b8fa90301c",
        "is_verified": false,
        "line_number": 49
      }
    ],
    "topology-tools\\plugins\\plugins.yaml": [
      {
        "type": "Secret Keyword",
        "filename": "topology-tools\\plugins\\plugins.yaml",
        "hashed_secret": "e227619fce45f5d93825381114934e373471283d",
        "is_verified": false,
        "line_number": 202
      },
      {
        "type": "Secret Keyword",
        "filename": "topology-tools\\plugins\\plugins.yaml",
        "hashed_secret": "0fe97090ee1dcaaf61351277e6f410255b139350",
        "is_verified": false,
        "line_number": 203
      }
    ],
    "topology-tools\\utils\\audit-strict-runtime-entrypoints.py": [
      {
        "type": "Secret Keyword",
        "filename": "topology-tools\\utils\\audit-strict-runtime-entrypoints.py",
        "hashed_secret": "fe86558143c0bd528f649a153bdc32b8fa90301c",
        "is_verified": false,
        "line_number": 138
      }
    ],
    "topology-tools\\utils\\bootstrap-project-repo.py": [
      {
        "type": "Secret Keyword",
        "filename": "topology-tools\\utils\\bootstrap-project-repo.py",
        "hashed_secret": "fe86558143c0bd528f649a153bdc32b8fa90301c",
        "is_verified": false,
        "line_number": 393
      }
    ],
    "topology-tools\\utils\\cutover-readiness-report.py": [
      {
        "type": "Secret Keyword",
        "filename": "topology-tools\\utils\\cutover-readiness-report.py",
        "hashed_secret": "e227619fce45f5d93825381114934e373471283d",
        "is_verified": false,
        "line_number": 139
      }
    ],
    "topology-tools\\utils\\service_chain_evidence.py": [
      {
        "type": "Secret Keyword",
        "filename": "topology-tools\\utils\\service_chain_evidence.py",
        "hashed_secret": "9701020516dc3a723b89188d856f0666af402e16",
        "is_verified": false,
        "line_number": 214
      }
    ],
    "topology\\object-modules\\glinet\\obj.glinet.slate_ax1800.yaml": [
      {
        "type": "Secret Keyword",
        "filename": "topology\\object-modules\\glinet\\obj.glinet.slate_ax1800.yaml",
        "hashed_secret": "ecb252044b5ea0f679ee78ec1a12904739e2904d",
        "is_verified": false,
        "line_number": 14
      },
      {
        "type": "Secret Keyword",
        "filename": "topology\\object-modules\\glinet\\obj.glinet.slate_ax1800.yaml",
        "hashed_secret": "347ead6348e936507920c15d2ae8266ac6ce9b49",
        "is_verified": false,
        "line_number": 53
      }
    ],
    "topology\\object-modules\\mikrotik\\obj.mikrotik.chateau_lte7_ax.yaml": [
      {
        "type": "Secret Keyword",
        "filename": "topology\\object-modules\\mikrotik\\obj.mikrotik.chateau_lte7_ax.yaml",
        "hashed_secret": "ecb252044b5ea0f679ee78ec1a12904739e2904d",
        "is_verified": false,
        "line_number": 14
      },
      {
        "type": "Secret Keyword",
        "filename": "topology\\object-modules\\mikrotik\\obj.mikrotik.chateau_lte7_ax.yaml",
        "hashed_secret": "347ead6348e936507920c15d2ae8266ac6ce9b49",
        "is_verified": false,
        "line_number": 54
      }
    ]
  },
  "generated_at": "2026-04-03T10:44:16Z"
}
